// Jest Snapshot v1, https://goo.gl/fbAQLP

exports[`HeroesList renders a list of heroes 1`] = `
<DocumentFragment>
  <div
    class="flex flex-col w-full"
  >
    <ul
      class="grid gap-4 mb-8 sm:grid-cols-2 md:grid-cols-3 lg:grid-cols-5"
    />
    <div
      class="flex gap-4 self-center"
    >
      <button
        class="bg-blue-500 w-20 p-1 rounded-md text-white hover:bg-blue-400 disabled:cursor-not-allowed disabled:bg-blue-200"
        disabled=""
        type="button"
      >
        Previous
      </button>
      <button
        class="bg-blue-500 w-20 p-1 rounded-md text-white hover:bg-blue-400 disabled:cursor-not-allowed disabled:bg-blue-200"
        type="button"
      >
        Next
      </button>
    </div>
  </div>
</DocumentFragment>
`;
